Archive member included because of file (symbol)

/home/ilovelinux/gcc/gcc_tool/bin/../lib/gcc/arm-elf/4.4.3/libgcc.a(_udivsi3.o)
                              printf.o (__udivsi3)
/home/ilovelinux/gcc/gcc_tool/bin/../lib/gcc/arm-elf/4.4.3/libgcc.a(_umodsi3.o)
                              printf.o (__umodsi3)
/home/ilovelinux/gcc/gcc_tool/bin/../lib/gcc/arm-elf/4.4.3/libgcc.a(_dvmd_tls.o)
                              /home/ilovelinux/gcc/gcc_tool/bin/../lib/gcc/arm-elf/4.4.3/libgcc.a(_udivsi3.o) (__div0)

Allocating common symbols
Common symbol       size              file

page_table_end      0x4               mmu.o
ttb_page_entry      0x4               mmu.o
coarse_page_entry   0x4               mmu.o

Memory Configuration

Name             Origin             Length             Attributes
*default*        0x00000000         0xffffffff

Linker script and memory map

                0x30000000                . = 0x30000000

.text           0x30000000     0x2b5c
 start.o(.vector)
 .vector        0x30000000       0x40 start.o
                0x30000000                _start
                0x30001000                . = ALIGN (0x1000)
 *fill*         0x30000040      0xfc0 00
 start.o(.text)
 .text          0x30001000      0x134 start.o
 *(.text)
 .text          0x30001134       0x24 main.o
                0x30001134                start_kernel
 .text          0x30001158      0xf8c printf.o
                0x30001158                putc
                0x30001194                puts
                0x300011dc                putc_raw
                0x30001218                puts_raw
                0x30001260                raise
                0x3000202c                printf
                0x30002088                printf_raw
 .text          0x300020e4      0x18c string.o
                0x300020e4                strnlen
                0x30002164                memcpy
                0x300021f4                memset
 .text          0x30002270       0x40 entry.o
                0x30002270                __get_cp15_control
                0x30002278                __set_cp15_control
                0x30002280                __set_ttb_reg
                0x30002288                __set_domain_reg
                0x30002290                __enable_int
                0x300022a0                __disable_int
 .text          0x300022b0      0x5d8 mmu.o
                0x300022b0                alloc_page_table
                0x3000232c                build_section
                0x3000254c                build_small_page_tbl
                0x30002620                build_small_pages
                0x300026cc                init_mmu
 .text          0x30002888       0xec exception.o
                0x30002888                debug_exception
                0x30002934                debug
                0x3000294c                swi_exception
 .text          0x30002974        0x8 swi.o
                0x30002974                __swi_1
 .text          0x3000297c      0x110 /home/ilovelinux/gcc/gcc_tool/bin/../lib/gcc/arm-elf/4.4.3/libgcc.a(_udivsi3.o)
                0x3000297c                __udivsi3
                0x3000297c                __aeabi_uidiv
                0x30002a74                __aeabi_uidivmod
 .text          0x30002a8c       0xcc /home/ilovelinux/gcc/gcc_tool/bin/../lib/gcc/arm-elf/4.4.3/libgcc.a(_umodsi3.o)
                0x30002a8c                __umodsi3
 .text          0x30002b58        0x4 /home/ilovelinux/gcc/gcc_tool/bin/../lib/gcc/arm-elf/4.4.3/libgcc.a(_dvmd_tls.o)
                0x30002b58                __aeabi_ldiv0
                0x30002b58                __div0
                0x30002b58                __aeabi_idiv0

.rodata         0x30002b5c      0x1cc
 .rodata        0x30002b5c        0x8 main.o
 .rodata        0x30002b64       0x58 printf.o
 .rodata        0x30002bbc       0xb8 mmu.o
 .rodata        0x30002c74       0xb4 exception.o

.glue_7         0x30002d28        0x0
 .glue_7        0x00000000        0x0 linker stubs

.glue_7t        0x30002d28        0x0
 .glue_7t       0x00000000        0x0 linker stubs

.vfp11_veneer   0x30002d28        0x0
 .vfp11_veneer  0x00000000        0x0 linker stubs

.v4_bx          0x30002d28        0x0
 .v4_bx         0x00000000        0x0 linker stubs
                0x30002d40                . = ALIGN (0x20)

.init.text
 *(.init.text)
                0x30002d40                __init_start_arch = .

.initcall_arch
 *(.initcall_arch)
                0x30002d40                __init_end_arch = .
                0x30002d40                __init_start_subsys = .

.initcall_subsys
 *(.initcall_subsys)
                0x30002d40                __init_end_subsys = .
                0x30002d40                . = ALIGN (0x20)

.data           0x30002d40        0x0
 *(.data)
 .data          0x30002d40        0x0 start.o
 .data          0x30002d40        0x0 main.o
 .data          0x30002d40        0x0 printf.o
 .data          0x30002d40        0x0 string.o
 .data          0x30002d40        0x0 entry.o
 .data          0x30002d40        0x0 mmu.o
 .data          0x30002d40        0x0 exception.o
 .data          0x30002d40        0x0 swi.o
 .data          0x30002d40        0x0 /home/ilovelinux/gcc/gcc_tool/bin/../lib/gcc/arm-elf/4.4.3/libgcc.a(_udivsi3.o)
 .data          0x30002d40        0x0 /home/ilovelinux/gcc/gcc_tool/bin/../lib/gcc/arm-elf/4.4.3/libgcc.a(_umodsi3.o)
 .data          0x30002d40        0x0 /home/ilovelinux/gcc/gcc_tool/bin/../lib/gcc/arm-elf/4.4.3/libgcc.a(_dvmd_tls.o)
                0x30002d40                . = ALIGN (0x20)
                0x30002d40                __bss_start__ = .

.bss            0x30002d40        0xc
 *(.bss)
 .bss           0x30002d40        0x0 start.o
 .bss           0x30002d40        0x0 main.o
 .bss           0x30002d40        0x0 printf.o
 .bss           0x30002d40        0x0 string.o
 .bss           0x30002d40        0x0 entry.o
 .bss           0x30002d40        0x0 mmu.o
 .bss           0x30002d40        0x0 exception.o
 .bss           0x30002d40        0x0 swi.o
 .bss           0x30002d40        0x0 /home/ilovelinux/gcc/gcc_tool/bin/../lib/gcc/arm-elf/4.4.3/libgcc.a(_udivsi3.o)
 .bss           0x30002d40        0x0 /home/ilovelinux/gcc/gcc_tool/bin/../lib/gcc/arm-elf/4.4.3/libgcc.a(_umodsi3.o)
 .bss           0x30002d40        0x0 /home/ilovelinux/gcc/gcc_tool/bin/../lib/gcc/arm-elf/4.4.3/libgcc.a(_dvmd_tls.o)
 COMMON         0x30002d40        0xc mmu.o
                0x30002d40                page_table_end
                0x30002d44                ttb_page_entry
                0x30002d48                coarse_page_entry
                0x30002d4c                __bss_end__ = .
LOAD main.o
LOAD start.o
LOAD printf.o
LOAD string.o
LOAD entry.o
LOAD mmu.o
LOAD exception.o
LOAD swi.o
LOAD /home/ilovelinux/gcc/gcc_tool/bin/../lib/gcc/arm-elf/4.4.3/libgcc.a
OUTPUT(main.elf elf32-littlearm)

.ARM.attributes
                0x00000000       0x10
 .ARM.attributes
                0x00000000       0x10 start.o
 .ARM.attributes
                0x00000010       0x10 main.o
 .ARM.attributes
                0x00000020       0x10 printf.o
 .ARM.attributes
                0x00000030       0x10 string.o
 .ARM.attributes
                0x00000040       0x10 entry.o
 .ARM.attributes
                0x00000050       0x10 mmu.o
 .ARM.attributes
                0x00000060       0x10 exception.o
 .ARM.attributes
                0x00000070       0x10 swi.o
 .ARM.attributes
                0x00000080       0x10 /home/ilovelinux/gcc/gcc_tool/bin/../lib/gcc/arm-elf/4.4.3/libgcc.a(_udivsi3.o)
 .ARM.attributes
                0x00000090       0x10 /home/ilovelinux/gcc/gcc_tool/bin/../lib/gcc/arm-elf/4.4.3/libgcc.a(_umodsi3.o)
 .ARM.attributes
                0x000000a0       0x10 /home/ilovelinux/gcc/gcc_tool/bin/../lib/gcc/arm-elf/4.4.3/libgcc.a(_dvmd_tls.o)

.comment        0x00000000       0x11
 .comment       0x00000000       0x11 main.o
                                 0x12 (size before relaxing)
 .comment       0x00000000       0x12 printf.o
 .comment       0x00000000       0x12 string.o
 .comment       0x00000000       0x12 mmu.o
 .comment       0x00000000       0x12 exception.o

.debug_frame    0x00000000       0x50
 .debug_frame   0x00000000       0x28 /home/ilovelinux/gcc/gcc_tool/bin/../lib/gcc/arm-elf/4.4.3/libgcc.a(_udivsi3.o)
 .debug_frame   0x00000028       0x28 /home/ilovelinux/gcc/gcc_tool/bin/../lib/gcc/arm-elf/4.4.3/libgcc.a(_umodsi3.o)

.debug_line     0x00000000      0x17f
 .debug_line    0x00000000       0x96 /home/ilovelinux/gcc/gcc_tool/bin/../lib/gcc/arm-elf/4.4.3/libgcc.a(_udivsi3.o)
 .debug_line    0x00000096       0x7f /home/ilovelinux/gcc/gcc_tool/bin/../lib/gcc/arm-elf/4.4.3/libgcc.a(_umodsi3.o)
 .debug_line    0x00000115       0x6a /home/ilovelinux/gcc/gcc_tool/bin/../lib/gcc/arm-elf/4.4.3/libgcc.a(_dvmd_tls.o)

.debug_info     0x00000000      0x1b0
 .debug_info    0x00000000       0x90 /home/ilovelinux/gcc/gcc_tool/bin/../lib/gcc/arm-elf/4.4.3/libgcc.a(_udivsi3.o)
 .debug_info    0x00000090       0x90 /home/ilovelinux/gcc/gcc_tool/bin/../lib/gcc/arm-elf/4.4.3/libgcc.a(_umodsi3.o)
 .debug_info    0x00000120       0x90 /home/ilovelinux/gcc/gcc_tool/bin/../lib/gcc/arm-elf/4.4.3/libgcc.a(_dvmd_tls.o)

.debug_abbrev   0x00000000       0x3c
 .debug_abbrev  0x00000000       0x14 /home/ilovelinux/gcc/gcc_tool/bin/../lib/gcc/arm-elf/4.4.3/libgcc.a(_udivsi3.o)
 .debug_abbrev  0x00000014       0x14 /home/ilovelinux/gcc/gcc_tool/bin/../lib/gcc/arm-elf/4.4.3/libgcc.a(_umodsi3.o)
 .debug_abbrev  0x00000028       0x14 /home/ilovelinux/gcc/gcc_tool/bin/../lib/gcc/arm-elf/4.4.3/libgcc.a(_dvmd_tls.o)

.debug_aranges  0x00000000       0x60
 .debug_aranges
                0x00000000       0x20 /home/ilovelinux/gcc/gcc_tool/bin/../lib/gcc/arm-elf/4.4.3/libgcc.a(_udivsi3.o)
 .debug_aranges
                0x00000020       0x20 /home/ilovelinux/gcc/gcc_tool/bin/../lib/gcc/arm-elf/4.4.3/libgcc.a(_umodsi3.o)
 .debug_aranges
                0x00000040       0x20 /home/ilovelinux/gcc/gcc_tool/bin/../lib/gcc/arm-elf/4.4.3/libgcc.a(_dvmd_tls.o)
