Archive member included because of file (symbol)

arch/libarch.a(exception.o)   arch/start.o (debug_exception)
arch/libarch.a(printf.o)      arch/int_control.o (printf)
arch/libarch.a(entry.o)       arch/libarch.a(exception.o) (__enable_int)
kernel/libkernel.a(main.o)    arch/start.o (start_kernel)
lib/lib.a(string.o)           arch/libarch.a(printf.o) (strnlen)
arch/libarch.a(mmu.o)         kernel/libkernel.a(main.o) (init_mmu)
/home/ilovelinux/gcc/gcc_tool/bin/../lib/gcc/arm-elf/4.4.3/libgcc.a(_udivsi3.o)
                              arch/libarch.a(printf.o) (__udivsi3)
/home/ilovelinux/gcc/gcc_tool/bin/../lib/gcc/arm-elf/4.4.3/libgcc.a(_umodsi3.o)
                              arch/libarch.a(printf.o) (__umodsi3)
/home/ilovelinux/gcc/gcc_tool/bin/../lib/gcc/arm-elf/4.4.3/libgcc.a(_dvmd_tls.o)
                              /home/ilovelinux/gcc/gcc_tool/bin/../lib/gcc/arm-elf/4.4.3/libgcc.a(_udivsi3.o) (__div0)

Allocating common symbols
Common symbol       size              file

page_table_end      0x4               arch/libarch.a(mmu.o)
kernel_free_start   0x4               kernel/page.o
list_groups         0x78              kernel/libkernel.a(main.o)
ava_page_num        0x4               kernel/page.o
irq_descs           0x300             arch/int_control.o
ttb_page_entry      0x4               arch/libarch.a(mmu.o)
coarse_page_entry   0x4               arch/libarch.a(mmu.o)
kernel_page_end     0x4               kernel/page.o
kernel_free_end     0x4               kernel/page.o
irq_act             0xc               arch/int_control.o
kernel_page_start   0x4               kernel/page.o
page_set            0x4               kernel/page.o

Memory Configuration

Name             Origin             Length             Attributes
*default*        0x00000000         0xffffffff

Linker script and memory map

                0x30000000                . = 0x30000000

.text           0x30000000     0x4638
 *(.vector)
 .vector        0x30000000       0x40 arch/start.o
                0x30000000                _start
                0x30001000                . = ALIGN (0x1000)
 *fill*         0x30000040      0xfc0 00
 arch/start.o(.text)
 .text          0x30001000      0x19c arch/start.o
 *(.text)
 .text          0x3000119c      0x480 arch/int_control.o
                0x3000130c                ack_int
                0x30001380                read_int
                0x30001400                enable_int
                0x3000146c                disable_int
                0x300014d4                request_irq
 .text          0x3000161c      0x1fc arch/timer.o
                0x3000175c                sys_tick_start
 .text          0x30001818      0xf88 kernel/page.o
                0x30001990                get_page_by_phyaddr
                0x30001a90                get_phyaddr_by_page
                0x300020b8                __free_pages
                0x30002144                free_pages
                0x30002180                __alloc_page
                0x300021a8                alloc_pages
                0x30002208                get_buddy_info_by_order
                0x3000234c                test_buddy
 .text          0x300027a0      0x244 arch/libarch.a(exception.o)
                0x300027a0                debug_exception
                0x3000284c                identify_and_clear
                0x3000287c                do_irq
                0x300029a4                debug
                0x300029bc                swi_exception
 .text          0x300029e4      0xf8c arch/libarch.a(printf.o)
                0x300029e4                putc
                0x30002a20                puts
                0x30002a68                putc_raw
                0x30002aa4                puts_raw
                0x30002aec                raise
                0x300038b8                printf
                0x30003914                printf_raw
 .text          0x30003970       0x40 arch/libarch.a(entry.o)
                0x30003970                __get_cp15_control
                0x30003978                __set_cp15_control
                0x30003980                __set_ttb_reg
                0x30003988                __set_domain_reg
                0x30003990                __enable_int
                0x300039a0                __disable_int
 .text          0x300039b0      0x344 kernel/libkernel.a(main.o)
                0x30003cd4                start_kernel
 .text          0x30003cf4      0x18c lib/lib.a(string.o)
                0x30003cf4                strnlen
                0x30003d74                memcpy
                0x30003e04                memset
 .text          0x30003e80      0x5d8 arch/libarch.a(mmu.o)
                0x30003e80                alloc_page_table
                0x30003efc                build_section
                0x3000411c                build_small_page_tbl
                0x300041f0                build_small_pages
                0x3000429c                init_mmu
 .text          0x30004458      0x110 /home/ilovelinux/gcc/gcc_tool/bin/../lib/gcc/arm-elf/4.4.3/libgcc.a(_udivsi3.o)
                0x30004458                __udivsi3
                0x30004458                __aeabi_uidiv
                0x30004550                __aeabi_uidivmod
 .text          0x30004568       0xcc /home/ilovelinux/gcc/gcc_tool/bin/../lib/gcc/arm-elf/4.4.3/libgcc.a(_umodsi3.o)
                0x30004568                __umodsi3
 .text          0x30004634        0x4 /home/ilovelinux/gcc/gcc_tool/bin/../lib/gcc/arm-elf/4.4.3/libgcc.a(_dvmd_tls.o)
                0x30004634                __aeabi_ldiv0
                0x30004634                __div0
                0x30004634                __aeabi_idiv0

.rodata         0x30004638      0x5cc
 .rodata        0x30004638       0x64 arch/int_control.o
 .rodata        0x3000469c       0x64 arch/timer.o
 .rodata        0x30004700      0x2e8 kernel/page.o
 .rodata        0x300049e8       0xd8 arch/libarch.a(exception.o)
 .rodata        0x30004ac0       0x58 arch/libarch.a(printf.o)
 .rodata        0x30004b18       0x34 kernel/libkernel.a(main.o)
 .rodata        0x30004b4c       0xb8 arch/libarch.a(mmu.o)

.glue_7         0x30004c04        0x0
 .glue_7        0x00000000        0x0 linker stubs

.glue_7t        0x30004c04        0x0
 .glue_7t       0x00000000        0x0 linker stubs

.vfp11_veneer   0x30004c04        0x0
 .vfp11_veneer  0x00000000        0x0 linker stubs

.v4_bx          0x30004c04        0x0
 .v4_bx         0x00000000        0x0 linker stubs
                0x30004c20                . = ALIGN (0x20)

.init.text
 *(.init.text)
                0x30004c20                __init_start_arch = .

.initcall_arch  0x30004c20        0x8
 *(.initcall_arch)
 .initcall_arch
                0x30004c20        0x4 arch/int_control.o
 .initcall_arch
                0x30004c24        0x4 arch/timer.o
                0x30004c28                __init_end_arch = .
                0x30004c28                __init_start_subsys = .

.initcall_subsys
                0x30004c28        0x4
 *(.initcall_subsys)
 .initcall_subsys
                0x30004c28        0x4 kernel/page.o
                0x30004c2c                __init_end_subsys = .
                0x30004c40                . = ALIGN (0x20)

.data           0x30004c40        0x8
 *(.data)
 .data          0x30004c40        0x0 arch/start.o
 .data          0x30004c40        0x0 arch/int_control.o
 .data          0x30004c40        0x0 arch/timer.o
 .data          0x30004c40        0x0 kernel/page.o
 .data          0x30004c40        0x0 arch/libarch.a(exception.o)
 .data          0x30004c40        0x0 arch/libarch.a(printf.o)
 .data          0x30004c40        0x0 arch/libarch.a(entry.o)
 .data          0x30004c40        0x8 kernel/libkernel.a(main.o)
                0x30004c40                list_group_head
 .data          0x30004c48        0x0 lib/lib.a(string.o)
 .data          0x30004c48        0x0 arch/libarch.a(mmu.o)
 .data          0x30004c48        0x0 /home/ilovelinux/gcc/gcc_tool/bin/../lib/gcc/arm-elf/4.4.3/libgcc.a(_udivsi3.o)
 .data          0x30004c48        0x0 /home/ilovelinux/gcc/gcc_tool/bin/../lib/gcc/arm-elf/4.4.3/libgcc.a(_umodsi3.o)
 .data          0x30004c48        0x0 /home/ilovelinux/gcc/gcc_tool/bin/../lib/gcc/arm-elf/4.4.3/libgcc.a(_dvmd_tls.o)
                0x30004c60                . = ALIGN (0x20)
                0x30004c60                __bss_start__ = .

.bss            0x30004c60      0x41c
 *(.bss)
 .bss           0x30004c60        0x0 arch/start.o
 .bss           0x30004c60        0x0 arch/int_control.o
 .bss           0x30004c60        0x8 arch/timer.o
 .bss           0x30004c68       0x6c kernel/page.o
 .bss           0x30004cd4        0x0 arch/libarch.a(exception.o)
 .bss           0x30004cd4        0x0 arch/libarch.a(printf.o)
 .bss           0x30004cd4        0x0 arch/libarch.a(entry.o)
 .bss           0x30004cd4        0x0 kernel/libkernel.a(main.o)
 .bss           0x30004cd4        0x0 lib/lib.a(string.o)
 .bss           0x30004cd4        0x0 arch/libarch.a(mmu.o)
 .bss           0x30004cd4        0x0 /home/ilovelinux/gcc/gcc_tool/bin/../lib/gcc/arm-elf/4.4.3/libgcc.a(_udivsi3.o)
 .bss           0x30004cd4        0x0 /home/ilovelinux/gcc/gcc_tool/bin/../lib/gcc/arm-elf/4.4.3/libgcc.a(_umodsi3.o)
 .bss           0x30004cd4        0x0 /home/ilovelinux/gcc/gcc_tool/bin/../lib/gcc/arm-elf/4.4.3/libgcc.a(_dvmd_tls.o)
 COMMON         0x30004cd4      0x30c arch/int_control.o
                0x30004cd4                irq_descs
                0x30004fd4                irq_act
 COMMON         0x30004fe0       0x18 kernel/page.o
                0x30004fe0                kernel_free_start
                0x30004fe4                ava_page_num
                0x30004fe8                kernel_page_end
                0x30004fec                kernel_free_end
                0x30004ff0                kernel_page_start
                0x30004ff4                page_set
 COMMON         0x30004ff8       0x78 kernel/libkernel.a(main.o)
                0x30004ff8                list_groups
 COMMON         0x30005070        0xc arch/libarch.a(mmu.o)
                0x30005070                page_table_end
                0x30005074                ttb_page_entry
                0x30005078                coarse_page_entry
                0x3000507c                __bss_end__ = .
LOAD arch/start.o
LOAD arch/int_control.o
LOAD arch/timer.o
LOAD kernel/page.o
START GROUP
LOAD arch/libarch.a
LOAD kernel/libkernel.a
LOAD lib/lib.a
END GROUP
LOAD /home/ilovelinux/gcc/gcc_tool/bin/../lib/gcc/arm-elf/4.4.3/libgcc.a
OUTPUT(main.elf elf32-littlearm)

.ARM.attributes
                0x00000000       0x10
 .ARM.attributes
                0x00000000       0x10 arch/start.o
 .ARM.attributes
                0x00000010       0x10 arch/int_control.o
 .ARM.attributes
                0x00000020       0x10 arch/timer.o
 .ARM.attributes
                0x00000030       0x10 kernel/page.o
 .ARM.attributes
                0x00000040       0x10 arch/libarch.a(exception.o)
 .ARM.attributes
                0x00000050       0x10 arch/libarch.a(printf.o)
 .ARM.attributes
                0x00000060       0x10 arch/libarch.a(entry.o)
 .ARM.attributes
                0x00000070       0x10 kernel/libkernel.a(main.o)
 .ARM.attributes
                0x00000080       0x10 lib/lib.a(string.o)
 .ARM.attributes
                0x00000090       0x10 arch/libarch.a(mmu.o)
 .ARM.attributes
                0x000000a0       0x10 /home/ilovelinux/gcc/gcc_tool/bin/../lib/gcc/arm-elf/4.4.3/libgcc.a(_udivsi3.o)
 .ARM.attributes
                0x000000b0       0x10 /home/ilovelinux/gcc/gcc_tool/bin/../lib/gcc/arm-elf/4.4.3/libgcc.a(_umodsi3.o)
 .ARM.attributes
                0x000000c0       0x10 /home/ilovelinux/gcc/gcc_tool/bin/../lib/gcc/arm-elf/4.4.3/libgcc.a(_dvmd_tls.o)

.comment        0x00000000       0x11
 .comment       0x00000000       0x11 arch/int_control.o
                                 0x12 (size before relaxing)
 .comment       0x00000000       0x12 arch/timer.o
 .comment       0x00000000       0x12 kernel/page.o
 .comment       0x00000000       0x12 arch/libarch.a(exception.o)
 .comment       0x00000000       0x12 arch/libarch.a(printf.o)
 .comment       0x00000000       0x12 kernel/libkernel.a(main.o)
 .comment       0x00000000       0x12 lib/lib.a(string.o)
 .comment       0x00000000       0x12 arch/libarch.a(mmu.o)

.debug_frame    0x00000000       0x50
 .debug_frame   0x00000000       0x28 /home/ilovelinux/gcc/gcc_tool/bin/../lib/gcc/arm-elf/4.4.3/libgcc.a(_udivsi3.o)
 .debug_frame   0x00000028       0x28 /home/ilovelinux/gcc/gcc_tool/bin/../lib/gcc/arm-elf/4.4.3/libgcc.a(_umodsi3.o)

.debug_line     0x00000000      0x17f
 .debug_line    0x00000000       0x96 /home/ilovelinux/gcc/gcc_tool/bin/../lib/gcc/arm-elf/4.4.3/libgcc.a(_udivsi3.o)
 .debug_line    0x00000096       0x7f /home/ilovelinux/gcc/gcc_tool/bin/../lib/gcc/arm-elf/4.4.3/libgcc.a(_umodsi3.o)
 .debug_line    0x00000115       0x6a /home/ilovelinux/gcc/gcc_tool/bin/../lib/gcc/arm-elf/4.4.3/libgcc.a(_dvmd_tls.o)

.debug_info     0x00000000      0x1b0
 .debug_info    0x00000000       0x90 /home/ilovelinux/gcc/gcc_tool/bin/../lib/gcc/arm-elf/4.4.3/libgcc.a(_udivsi3.o)
 .debug_info    0x00000090       0x90 /home/ilovelinux/gcc/gcc_tool/bin/../lib/gcc/arm-elf/4.4.3/libgcc.a(_umodsi3.o)
 .debug_info    0x00000120       0x90 /home/ilovelinux/gcc/gcc_tool/bin/../lib/gcc/arm-elf/4.4.3/libgcc.a(_dvmd_tls.o)

.debug_abbrev   0x00000000       0x3c
 .debug_abbrev  0x00000000       0x14 /home/ilovelinux/gcc/gcc_tool/bin/../lib/gcc/arm-elf/4.4.3/libgcc.a(_udivsi3.o)
 .debug_abbrev  0x00000014       0x14 /home/ilovelinux/gcc/gcc_tool/bin/../lib/gcc/arm-elf/4.4.3/libgcc.a(_umodsi3.o)
 .debug_abbrev  0x00000028       0x14 /home/ilovelinux/gcc/gcc_tool/bin/../lib/gcc/arm-elf/4.4.3/libgcc.a(_dvmd_tls.o)

.debug_aranges  0x00000000       0x60
 .debug_aranges
                0x00000000       0x20 /home/ilovelinux/gcc/gcc_tool/bin/../lib/gcc/arm-elf/4.4.3/libgcc.a(_udivsi3.o)
 .debug_aranges
                0x00000020       0x20 /home/ilovelinux/gcc/gcc_tool/bin/../lib/gcc/arm-elf/4.4.3/libgcc.a(_umodsi3.o)
 .debug_aranges
                0x00000040       0x20 /home/ilovelinux/gcc/gcc_tool/bin/../lib/gcc/arm-elf/4.4.3/libgcc.a(_dvmd_tls.o)
