Archive member included because of file (symbol)

arch/libarch.a(exception.o)   arch/start.o (debug_exception)
arch/libarch.a(printf.o)      arch/int_control.o (printf)
arch/libarch.a(entry.o)       arch/libarch.a(exception.o) (__enable_int)
kernel/libkernel.a(main.o)    arch/start.o (start_kernel)
kernel/libkernel.a(slab.o)    kernel/page.o (init_kmem_cache)
lib/lib.a(string.o)           arch/libarch.a(printf.o) (strnlen)
lib/lib.a(bitops.o)           kernel/libkernel.a(slab.o) (fls)
arch/libarch.a(mmu.o)         kernel/libkernel.a(main.o) (init_mmu)
/home/ilovelinux/gcc/gcc_tool/bin/../lib/gcc/arm-elf/4.4.3/libgcc.a(_udivsi3.o)
                              arch/libarch.a(printf.o) (__udivsi3)
/home/ilovelinux/gcc/gcc_tool/bin/../lib/gcc/arm-elf/4.4.3/libgcc.a(_umodsi3.o)
                              arch/libarch.a(printf.o) (__umodsi3)
/home/ilovelinux/gcc/gcc_tool/bin/../lib/gcc/arm-elf/4.4.3/libgcc.a(_dvmd_tls.o)
                              /home/ilovelinux/gcc/gcc_tool/bin/../lib/gcc/arm-elf/4.4.3/libgcc.a(_udivsi3.o) (__div0)

Allocating common symbols
Common symbol       size              file

page_table_end      0x4               arch/libarch.a(mmu.o)
kernel_free_start   0x4               kernel/page.o
list_groups         0x78              kernel/libkernel.a(main.o)
ava_page_num        0x4               kernel/page.o
irq_descs           0x300             arch/int_control.o
ttb_page_entry      0x4               arch/libarch.a(mmu.o)
coarse_page_entry   0x4               arch/libarch.a(mmu.o)
kernel_free_end     0x4               kernel/page.o
irq_act             0xc               arch/int_control.o
kernel_page_start   0x4               kernel/page.o
page_set            0x4               kernel/page.o

Memory Configuration

Name             Origin             Length             Attributes
*default*        0x00000000         0xffffffff

Linker script and memory map

                0x30000000                . = 0x30000000

.text           0x30000000     0x4e90
 *(.vector)
 .vector        0x30000000       0x40 arch/start.o
                0x30000000                _start
                0x30001000                . = ALIGN (0x1000)
 *fill*         0x30000040      0xfc0 00
 arch/start.o(.text)
 .text          0x30001000      0x19c arch/start.o
 *(.text)
 .text          0x3000119c      0x480 arch/int_control.o
                0x3000130c                ack_int
                0x30001380                read_int
                0x30001400                enable_int
                0x3000146c                disable_int
                0x300014d4                request_irq
 .text          0x3000161c      0x1fc arch/timer.o
                0x3000175c                sys_tick_start
 .text          0x30001818      0xdf8 kernel/page.o
                0x30001990                get_page_by_phyaddr
                0x30001a90                get_phyaddr_by_page
                0x30002060                __free_pages
                0x300020ec                free_pages
                0x30002128                __alloc_page
                0x30002150                alloc_pages
                0x300021b0                get_buddy_info_by_order
                0x30002238                test_buddy
 .text          0x30002610      0x244 arch/libarch.a(exception.o)
                0x30002610                debug_exception
                0x300026bc                identify_and_clear
                0x300026ec                do_irq
                0x30002814                debug
                0x3000282c                swi_exception
 .text          0x30002854      0xf8c arch/libarch.a(printf.o)
                0x30002854                putc
                0x30002890                puts
                0x300028d8                putc_raw
                0x30002914                puts_raw
                0x3000295c                raise
                0x30003728                printf
                0x30003784                printf_raw
 .text          0x300037e0       0x40 arch/libarch.a(entry.o)
                0x300037e0                __get_cp15_control
                0x300037e8                __set_cp15_control
                0x300037f0                __set_ttb_reg
                0x300037f8                __set_domain_reg
                0x30003800                __enable_int
                0x30003810                __disable_int
 .text          0x30003820      0x344 kernel/libkernel.a(main.o)
                0x30003b44                start_kernel
 .text          0x30003b64      0x8e0 kernel/libkernel.a(slab.o)
                0x30003fb4                kmem_cache_create
                0x30004124                kmem_cache_alloc
                0x300042b8                kmem_cache_free
                0x30004334                kmem_cache_destroy
                0x300043c4                init_kmem_cache
 .text          0x30004444      0x18c lib/lib.a(string.o)
                0x30004444                strnlen
                0x300044c4                memcpy
                0x30004554                memset
 .text          0x300045d0      0x108 lib/lib.a(bitops.o)
                0x300045d0                fls
 .text          0x300046d8      0x5d8 arch/libarch.a(mmu.o)
                0x300046d8                alloc_page_table
                0x30004754                build_section
                0x30004974                build_small_page_tbl
                0x30004a48                build_small_pages
                0x30004af4                init_mmu
 .text          0x30004cb0      0x110 /home/ilovelinux/gcc/gcc_tool/bin/../lib/gcc/arm-elf/4.4.3/libgcc.a(_udivsi3.o)
                0x30004cb0                __udivsi3
                0x30004cb0                __aeabi_uidiv
                0x30004da8                __aeabi_uidivmod
 .text          0x30004dc0       0xcc /home/ilovelinux/gcc/gcc_tool/bin/../lib/gcc/arm-elf/4.4.3/libgcc.a(_umodsi3.o)
                0x30004dc0                __umodsi3
 .text          0x30004e8c        0x4 /home/ilovelinux/gcc/gcc_tool/bin/../lib/gcc/arm-elf/4.4.3/libgcc.a(_dvmd_tls.o)
                0x30004e8c                __aeabi_ldiv0
                0x30004e8c                __div0
                0x30004e8c                __aeabi_idiv0

.rodata         0x30004e90      0x604
 .rodata        0x30004e90       0x64 arch/int_control.o
 .rodata        0x30004ef4       0x64 arch/timer.o
 .rodata        0x30004f58      0x250 kernel/page.o
 .rodata        0x300051a8       0xd8 arch/libarch.a(exception.o)
 .rodata        0x30005280       0x58 arch/libarch.a(printf.o)
 .rodata        0x300052d8       0x34 kernel/libkernel.a(main.o)
 .rodata        0x3000530c       0xd0 kernel/libkernel.a(slab.o)
 .rodata        0x300053dc       0xb8 arch/libarch.a(mmu.o)

.glue_7         0x30005494        0x0
 .glue_7        0x00000000        0x0 linker stubs

.glue_7t        0x30005494        0x0
 .glue_7t       0x00000000        0x0 linker stubs

.vfp11_veneer   0x30005494        0x0
 .vfp11_veneer  0x00000000        0x0 linker stubs

.v4_bx          0x30005494        0x0
 .v4_bx         0x00000000        0x0 linker stubs
                0x300054a0                . = ALIGN (0x20)

.init.text
 *(.init.text)
                0x300054a0                __init_start_arch = .

.initcall_arch  0x300054a0        0x8
 *(.initcall_arch)
 .initcall_arch
                0x300054a0        0x4 arch/int_control.o
 .initcall_arch
                0x300054a4        0x4 arch/timer.o
                0x300054a8                __init_end_arch = .
                0x300054a8                __init_start_subsys = .

.initcall_subsys
                0x300054a8        0x4
 *(.initcall_subsys)
 .initcall_subsys
                0x300054a8        0x4 kernel/page.o
                0x300054ac                __init_end_subsys = .
                0x300054c0                . = ALIGN (0x20)

.data           0x300054c0        0xc
 *(.data)
 .data          0x300054c0        0x0 arch/start.o
 .data          0x300054c0        0x0 arch/int_control.o
 .data          0x300054c0        0x0 arch/timer.o
 .data          0x300054c0        0x0 kernel/page.o
 .data          0x300054c0        0x0 arch/libarch.a(exception.o)
 .data          0x300054c0        0x0 arch/libarch.a(printf.o)
 .data          0x300054c0        0x0 arch/libarch.a(entry.o)
 .data          0x300054c0        0x8 kernel/libkernel.a(main.o)
                0x300054c0                list_group_head
 .data          0x300054c8        0x4 kernel/libkernel.a(slab.o)
 .data          0x300054cc        0x0 lib/lib.a(string.o)
 .data          0x300054cc        0x0 lib/lib.a(bitops.o)
 .data          0x300054cc        0x0 arch/libarch.a(mmu.o)
 .data          0x300054cc        0x0 /home/ilovelinux/gcc/gcc_tool/bin/../lib/gcc/arm-elf/4.4.3/libgcc.a(_udivsi3.o)
 .data          0x300054cc        0x0 /home/ilovelinux/gcc/gcc_tool/bin/../lib/gcc/arm-elf/4.4.3/libgcc.a(_umodsi3.o)
 .data          0x300054cc        0x0 /home/ilovelinux/gcc/gcc_tool/bin/../lib/gcc/arm-elf/4.4.3/libgcc.a(_dvmd_tls.o)
                0x300054e0                . = ALIGN (0x20)
                0x300054e0                __bss_start__ = .

.bss            0x300054e0      0x434
 *(.bss)
 .bss           0x300054e0        0x0 arch/start.o
 .bss           0x300054e0        0x0 arch/int_control.o
 .bss           0x300054e0        0x8 arch/timer.o
 .bss           0x300054e8       0x6c kernel/page.o
 .bss           0x30005554        0x0 arch/libarch.a(exception.o)
 .bss           0x30005554        0x0 arch/libarch.a(printf.o)
 .bss           0x30005554        0x0 arch/libarch.a(entry.o)
 .bss           0x30005554        0x0 kernel/libkernel.a(main.o)
 .bss           0x30005554       0x1c kernel/libkernel.a(slab.o)
 .bss           0x30005570        0x0 lib/lib.a(string.o)
 .bss           0x30005570        0x0 lib/lib.a(bitops.o)
 .bss           0x30005570        0x0 arch/libarch.a(mmu.o)
 .bss           0x30005570        0x0 /home/ilovelinux/gcc/gcc_tool/bin/../lib/gcc/arm-elf/4.4.3/libgcc.a(_udivsi3.o)
 .bss           0x30005570        0x0 /home/ilovelinux/gcc/gcc_tool/bin/../lib/gcc/arm-elf/4.4.3/libgcc.a(_umodsi3.o)
 .bss           0x30005570        0x0 /home/ilovelinux/gcc/gcc_tool/bin/../lib/gcc/arm-elf/4.4.3/libgcc.a(_dvmd_tls.o)
 COMMON         0x30005570      0x30c arch/int_control.o
                0x30005570                irq_descs
                0x30005870                irq_act
 COMMON         0x3000587c       0x14 kernel/page.o
                0x3000587c                kernel_free_start
                0x30005880                ava_page_num
                0x30005884                kernel_free_end
                0x30005888                kernel_page_start
                0x3000588c                page_set
 COMMON         0x30005890       0x78 kernel/libkernel.a(main.o)
                0x30005890                list_groups
 COMMON         0x30005908        0xc arch/libarch.a(mmu.o)
                0x30005908                page_table_end
                0x3000590c                ttb_page_entry
                0x30005910                coarse_page_entry
                0x30005914                __bss_end__ = .
LOAD arch/start.o
LOAD arch/int_control.o
LOAD arch/timer.o
LOAD kernel/page.o
START GROUP
LOAD arch/libarch.a
LOAD kernel/libkernel.a
LOAD lib/lib.a
END GROUP
LOAD /home/ilovelinux/gcc/gcc_tool/bin/../lib/gcc/arm-elf/4.4.3/libgcc.a
OUTPUT(main.elf elf32-littlearm)

.ARM.attributes
                0x00000000       0x10
 .ARM.attributes
                0x00000000       0x10 arch/start.o
 .ARM.attributes
                0x00000010       0x10 arch/int_control.o
 .ARM.attributes
                0x00000020       0x10 arch/timer.o
 .ARM.attributes
                0x00000030       0x10 kernel/page.o
 .ARM.attributes
                0x00000040       0x10 arch/libarch.a(exception.o)
 .ARM.attributes
                0x00000050       0x10 arch/libarch.a(printf.o)
 .ARM.attributes
                0x00000060       0x10 arch/libarch.a(entry.o)
 .ARM.attributes
                0x00000070       0x10 kernel/libkernel.a(main.o)
 .ARM.attributes
                0x00000080       0x10 kernel/libkernel.a(slab.o)
 .ARM.attributes
                0x00000090       0x10 lib/lib.a(string.o)
 .ARM.attributes
                0x000000a0       0x10 lib/lib.a(bitops.o)
 .ARM.attributes
                0x000000b0       0x10 arch/libarch.a(mmu.o)
 .ARM.attributes
                0x000000c0       0x10 /home/ilovelinux/gcc/gcc_tool/bin/../lib/gcc/arm-elf/4.4.3/libgcc.a(_udivsi3.o)
 .ARM.attributes
                0x000000d0       0x10 /home/ilovelinux/gcc/gcc_tool/bin/../lib/gcc/arm-elf/4.4.3/libgcc.a(_umodsi3.o)
 .ARM.attributes
                0x000000e0       0x10 /home/ilovelinux/gcc/gcc_tool/bin/../lib/gcc/arm-elf/4.4.3/libgcc.a(_dvmd_tls.o)

.comment        0x00000000       0x11
 .comment       0x00000000       0x11 arch/int_control.o
                                 0x12 (size before relaxing)
 .comment       0x00000000       0x12 arch/timer.o
 .comment       0x00000000       0x12 kernel/page.o
 .comment       0x00000000       0x12 arch/libarch.a(exception.o)
 .comment       0x00000000       0x12 arch/libarch.a(printf.o)
 .comment       0x00000000       0x12 kernel/libkernel.a(main.o)
 .comment       0x00000000       0x12 kernel/libkernel.a(slab.o)
 .comment       0x00000000       0x12 lib/lib.a(string.o)
 .comment       0x00000000       0x12 lib/lib.a(bitops.o)
 .comment       0x00000000       0x12 arch/libarch.a(mmu.o)

.debug_frame    0x00000000       0x50
 .debug_frame   0x00000000       0x28 /home/ilovelinux/gcc/gcc_tool/bin/../lib/gcc/arm-elf/4.4.3/libgcc.a(_udivsi3.o)
 .debug_frame   0x00000028       0x28 /home/ilovelinux/gcc/gcc_tool/bin/../lib/gcc/arm-elf/4.4.3/libgcc.a(_umodsi3.o)

.debug_line     0x00000000      0x17f
 .debug_line    0x00000000       0x96 /home/ilovelinux/gcc/gcc_tool/bin/../lib/gcc/arm-elf/4.4.3/libgcc.a(_udivsi3.o)
 .debug_line    0x00000096       0x7f /home/ilovelinux/gcc/gcc_tool/bin/../lib/gcc/arm-elf/4.4.3/libgcc.a(_umodsi3.o)
 .debug_line    0x00000115       0x6a /home/ilovelinux/gcc/gcc_tool/bin/../lib/gcc/arm-elf/4.4.3/libgcc.a(_dvmd_tls.o)

.debug_info     0x00000000      0x1b0
 .debug_info    0x00000000       0x90 /home/ilovelinux/gcc/gcc_tool/bin/../lib/gcc/arm-elf/4.4.3/libgcc.a(_udivsi3.o)
 .debug_info    0x00000090       0x90 /home/ilovelinux/gcc/gcc_tool/bin/../lib/gcc/arm-elf/4.4.3/libgcc.a(_umodsi3.o)
 .debug_info    0x00000120       0x90 /home/ilovelinux/gcc/gcc_tool/bin/../lib/gcc/arm-elf/4.4.3/libgcc.a(_dvmd_tls.o)

.debug_abbrev   0x00000000       0x3c
 .debug_abbrev  0x00000000       0x14 /home/ilovelinux/gcc/gcc_tool/bin/../lib/gcc/arm-elf/4.4.3/libgcc.a(_udivsi3.o)
 .debug_abbrev  0x00000014       0x14 /home/ilovelinux/gcc/gcc_tool/bin/../lib/gcc/arm-elf/4.4.3/libgcc.a(_umodsi3.o)
 .debug_abbrev  0x00000028       0x14 /home/ilovelinux/gcc/gcc_tool/bin/../lib/gcc/arm-elf/4.4.3/libgcc.a(_dvmd_tls.o)

.debug_aranges  0x00000000       0x60
 .debug_aranges
                0x00000000       0x20 /home/ilovelinux/gcc/gcc_tool/bin/../lib/gcc/arm-elf/4.4.3/libgcc.a(_udivsi3.o)
 .debug_aranges
                0x00000020       0x20 /home/ilovelinux/gcc/gcc_tool/bin/../lib/gcc/arm-elf/4.4.3/libgcc.a(_umodsi3.o)
 .debug_aranges
                0x00000040       0x20 /home/ilovelinux/gcc/gcc_tool/bin/../lib/gcc/arm-elf/4.4.3/libgcc.a(_dvmd_tls.o)
