Archive member included because of file (symbol)

/home/ilovelinux/gcc/gcc_tool/bin/../lib/gcc/arm-elf/4.4.3/libgcc.a(_udivsi3.o)
                              printf.o (__udivsi3)
/home/ilovelinux/gcc/gcc_tool/bin/../lib/gcc/arm-elf/4.4.3/libgcc.a(_umodsi3.o)
                              printf.o (__umodsi3)
/home/ilovelinux/gcc/gcc_tool/bin/../lib/gcc/arm-elf/4.4.3/libgcc.a(_dvmd_tls.o)
                              /home/ilovelinux/gcc/gcc_tool/bin/../lib/gcc/arm-elf/4.4.3/libgcc.a(_udivsi3.o) (__div0)

Allocating common symbols
Common symbol       size              file

page_table_end      0x4               mmu.o
list_groups         0x78              main.o
irq_descs           0x300             int_control.o
ttb_page_entry      0x4               mmu.o
coarse_page_entry   0x4               mmu.o
irq_act             0xc               int_control.o

Memory Configuration

Name             Origin             Length             Attributes
*default*        0x00000000         0xffffffff

Linker script and memory map

                0x30000000                . = 0x30000000

.text           0x30000000     0x35e4
 start.o(.vector)
 .vector        0x30000000       0x40 start.o
                0x30000000                _start
                0x30001000                . = ALIGN (0x1000)
 *fill*         0x30000040      0xfc0 00
 start.o(.text)
 .text          0x30001000      0x198 start.o
 *(.text)
 .text          0x30001198      0x2ec main.o
                0x30001468                start_kernel
 .text          0x30001484      0xf8c printf.o
                0x30001484                putc
                0x300014c0                puts
                0x30001508                putc_raw
                0x30001544                puts_raw
                0x3000158c                raise
                0x30002358                printf
                0x300023b4                printf_raw
 .text          0x30002410      0x18c string.o
                0x30002410                strnlen
                0x30002490                memcpy
                0x30002520                memset
 .text          0x3000259c       0x40 entry.o
                0x3000259c                __get_cp15_control
                0x300025a4                __set_cp15_control
                0x300025ac                __set_ttb_reg
                0x300025b4                __set_domain_reg
                0x300025bc                __enable_int
                0x300025cc                __disable_int
 .text          0x300025dc      0x5d8 mmu.o
                0x300025dc                alloc_page_table
                0x30002658                build_section
                0x30002878                build_small_page_tbl
                0x3000294c                build_small_pages
                0x300029f8                init_mmu
 .text          0x30002bb4      0x244 exception.o
                0x30002bb4                debug_exception
                0x30002c60                identify_and_clear
                0x30002c90                do_irq
                0x30002db8                debug
                0x30002dd0                swi_exception
 .text          0x30002df8        0x8 swi.o
                0x30002df8                __swi_1
 .text          0x30002e00      0x480 int_control.o
                0x30002f70                ack_int
                0x30002fe4                read_int
                0x30003064                enable_int
                0x300030d0                disable_int
                0x30003138                request_irq
 .text          0x30003280      0x184 timer.o
 .text          0x30003404      0x110 /home/ilovelinux/gcc/gcc_tool/bin/../lib/gcc/arm-elf/4.4.3/libgcc.a(_udivsi3.o)
                0x30003404                __udivsi3
                0x30003404                __aeabi_uidiv
                0x300034fc                __aeabi_uidivmod
 .text          0x30003514       0xcc /home/ilovelinux/gcc/gcc_tool/bin/../lib/gcc/arm-elf/4.4.3/libgcc.a(_umodsi3.o)
                0x30003514                __umodsi3
 .text          0x300035e0        0x4 /home/ilovelinux/gcc/gcc_tool/bin/../lib/gcc/arm-elf/4.4.3/libgcc.a(_dvmd_tls.o)
                0x300035e0                __aeabi_ldiv0
                0x300035e0                __div0
                0x300035e0                __aeabi_idiv0

.rodata         0x300035e4      0x2c0
 .rodata        0x300035e4       0x34 main.o
 .rodata        0x30003618       0x58 printf.o
 .rodata        0x30003670       0xb8 mmu.o
 .rodata        0x30003728       0xd8 exception.o
 .rodata        0x30003800       0x60 int_control.o
 .rodata        0x30003860       0x44 timer.o

.glue_7         0x300038a4        0x0
 .glue_7        0x00000000        0x0 linker stubs

.glue_7t        0x300038a4        0x0
 .glue_7t       0x00000000        0x0 linker stubs

.vfp11_veneer   0x300038a4        0x0
 .vfp11_veneer  0x00000000        0x0 linker stubs

.v4_bx          0x300038a4        0x0
 .v4_bx         0x00000000        0x0 linker stubs
                0x300038c0                . = ALIGN (0x20)

.init.text
 *(.init.text)
                0x300038c0                __init_start_arch = .

.initcall_arch  0x300038c0        0x8
 *(.initcall_arch)
 .initcall_arch
                0x300038c0        0x4 int_control.o
 .initcall_arch
                0x300038c4        0x4 timer.o
                0x300038c8                __init_end_arch = .
                0x300038c8                __init_start_subsys = .

.initcall_subsys
 *(.initcall_subsys)
                0x300038c8                __init_end_subsys = .
                0x300038e0                . = ALIGN (0x20)

.data           0x300038e0        0x8
 *(.data)
 .data          0x300038e0        0x0 start.o
 .data          0x300038e0        0x8 main.o
                0x300038e0                list_group_head
 .data          0x300038e8        0x0 printf.o
 .data          0x300038e8        0x0 string.o
 .data          0x300038e8        0x0 entry.o
 .data          0x300038e8        0x0 mmu.o
 .data          0x300038e8        0x0 exception.o
 .data          0x300038e8        0x0 swi.o
 .data          0x300038e8        0x0 int_control.o
 .data          0x300038e8        0x0 timer.o
 .data          0x300038e8        0x0 /home/ilovelinux/gcc/gcc_tool/bin/../lib/gcc/arm-elf/4.4.3/libgcc.a(_udivsi3.o)
 .data          0x300038e8        0x0 /home/ilovelinux/gcc/gcc_tool/bin/../lib/gcc/arm-elf/4.4.3/libgcc.a(_umodsi3.o)
 .data          0x300038e8        0x0 /home/ilovelinux/gcc/gcc_tool/bin/../lib/gcc/arm-elf/4.4.3/libgcc.a(_dvmd_tls.o)
                0x30003900                . = ALIGN (0x20)
                0x30003900                __bss_start__ = .

.bss            0x30003900      0x390
 *(.bss)
 .bss           0x30003900        0x0 start.o
 .bss           0x30003900        0x0 main.o
 .bss           0x30003900        0x0 printf.o
 .bss           0x30003900        0x0 string.o
 .bss           0x30003900        0x0 entry.o
 .bss           0x30003900        0x0 mmu.o
 .bss           0x30003900        0x0 exception.o
 .bss           0x30003900        0x0 swi.o
 .bss           0x30003900        0x0 int_control.o
 .bss           0x30003900        0x0 timer.o
 .bss           0x30003900        0x0 /home/ilovelinux/gcc/gcc_tool/bin/../lib/gcc/arm-elf/4.4.3/libgcc.a(_udivsi3.o)
 .bss           0x30003900        0x0 /home/ilovelinux/gcc/gcc_tool/bin/../lib/gcc/arm-elf/4.4.3/libgcc.a(_umodsi3.o)
 .bss           0x30003900        0x0 /home/ilovelinux/gcc/gcc_tool/bin/../lib/gcc/arm-elf/4.4.3/libgcc.a(_dvmd_tls.o)
 COMMON         0x30003900       0x78 main.o
                0x30003900                list_groups
 COMMON         0x30003978        0xc mmu.o
                0x30003978                page_table_end
                0x3000397c                ttb_page_entry
                0x30003980                coarse_page_entry
 COMMON         0x30003984      0x30c int_control.o
                0x30003984                irq_descs
                0x30003c84                irq_act
                0x30003c90                __bss_end__ = .
LOAD main.o
LOAD start.o
LOAD printf.o
LOAD string.o
LOAD entry.o
LOAD mmu.o
LOAD exception.o
LOAD swi.o
LOAD int_control.o
LOAD timer.o
LOAD /home/ilovelinux/gcc/gcc_tool/bin/../lib/gcc/arm-elf/4.4.3/libgcc.a
OUTPUT(main.elf elf32-littlearm)

.ARM.attributes
                0x00000000       0x10
 .ARM.attributes
                0x00000000       0x10 start.o
 .ARM.attributes
                0x00000010       0x10 main.o
 .ARM.attributes
                0x00000020       0x10 printf.o
 .ARM.attributes
                0x00000030       0x10 string.o
 .ARM.attributes
                0x00000040       0x10 entry.o
 .ARM.attributes
                0x00000050       0x10 mmu.o
 .ARM.attributes
                0x00000060       0x10 exception.o
 .ARM.attributes
                0x00000070       0x10 swi.o
 .ARM.attributes
                0x00000080       0x10 int_control.o
 .ARM.attributes
                0x00000090       0x10 timer.o
 .ARM.attributes
                0x000000a0       0x10 /home/ilovelinux/gcc/gcc_tool/bin/../lib/gcc/arm-elf/4.4.3/libgcc.a(_udivsi3.o)
 .ARM.attributes
                0x000000b0       0x10 /home/ilovelinux/gcc/gcc_tool/bin/../lib/gcc/arm-elf/4.4.3/libgcc.a(_umodsi3.o)
 .ARM.attributes
                0x000000c0       0x10 /home/ilovelinux/gcc/gcc_tool/bin/../lib/gcc/arm-elf/4.4.3/libgcc.a(_dvmd_tls.o)

.comment        0x00000000       0x11
 .comment       0x00000000       0x11 main.o
                                 0x12 (size before relaxing)
 .comment       0x00000000       0x12 printf.o
 .comment       0x00000000       0x12 string.o
 .comment       0x00000000       0x12 mmu.o
 .comment       0x00000000       0x12 exception.o
 .comment       0x00000000       0x12 int_control.o
 .comment       0x00000000       0x12 timer.o

.debug_frame    0x00000000       0x50
 .debug_frame   0x00000000       0x28 /home/ilovelinux/gcc/gcc_tool/bin/../lib/gcc/arm-elf/4.4.3/libgcc.a(_udivsi3.o)
 .debug_frame   0x00000028       0x28 /home/ilovelinux/gcc/gcc_tool/bin/../lib/gcc/arm-elf/4.4.3/libgcc.a(_umodsi3.o)

.debug_line     0x00000000      0x17f
 .debug_line    0x00000000       0x96 /home/ilovelinux/gcc/gcc_tool/bin/../lib/gcc/arm-elf/4.4.3/libgcc.a(_udivsi3.o)
 .debug_line    0x00000096       0x7f /home/ilovelinux/gcc/gcc_tool/bin/../lib/gcc/arm-elf/4.4.3/libgcc.a(_umodsi3.o)
 .debug_line    0x00000115       0x6a /home/ilovelinux/gcc/gcc_tool/bin/../lib/gcc/arm-elf/4.4.3/libgcc.a(_dvmd_tls.o)

.debug_info     0x00000000      0x1b0
 .debug_info    0x00000000       0x90 /home/ilovelinux/gcc/gcc_tool/bin/../lib/gcc/arm-elf/4.4.3/libgcc.a(_udivsi3.o)
 .debug_info    0x00000090       0x90 /home/ilovelinux/gcc/gcc_tool/bin/../lib/gcc/arm-elf/4.4.3/libgcc.a(_umodsi3.o)
 .debug_info    0x00000120       0x90 /home/ilovelinux/gcc/gcc_tool/bin/../lib/gcc/arm-elf/4.4.3/libgcc.a(_dvmd_tls.o)

.debug_abbrev   0x00000000       0x3c
 .debug_abbrev  0x00000000       0x14 /home/ilovelinux/gcc/gcc_tool/bin/../lib/gcc/arm-elf/4.4.3/libgcc.a(_udivsi3.o)
 .debug_abbrev  0x00000014       0x14 /home/ilovelinux/gcc/gcc_tool/bin/../lib/gcc/arm-elf/4.4.3/libgcc.a(_umodsi3.o)
 .debug_abbrev  0x00000028       0x14 /home/ilovelinux/gcc/gcc_tool/bin/../lib/gcc/arm-elf/4.4.3/libgcc.a(_dvmd_tls.o)

.debug_aranges  0x00000000       0x60
 .debug_aranges
                0x00000000       0x20 /home/ilovelinux/gcc/gcc_tool/bin/../lib/gcc/arm-elf/4.4.3/libgcc.a(_udivsi3.o)
 .debug_aranges
                0x00000020       0x20 /home/ilovelinux/gcc/gcc_tool/bin/../lib/gcc/arm-elf/4.4.3/libgcc.a(_umodsi3.o)
 .debug_aranges
                0x00000040       0x20 /home/ilovelinux/gcc/gcc_tool/bin/../lib/gcc/arm-elf/4.4.3/libgcc.a(_dvmd_tls.o)
