Archive member included because of file (symbol)

arch/libarch.a(exception.o)   arch/start.o (debug_exception)
arch/libarch.a(printf.o)      arch/int_control.o (printf)
arch/libarch.a(entry.o)       arch/libarch.a(exception.o) (__enable_int)
kernel/libkernel.a(main.o)    arch/start.o (start_kernel)
kernel/libkernel.a(slab.o)    kernel/page.o (init_kmem_cache)
kernel/libkernel.a(task.o)    kernel/libkernel.a(main.o) (task_init)
lib/lib.a(string.o)           arch/libarch.a(printf.o) (strnlen)
lib/lib.a(bitops.o)           kernel/libkernel.a(slab.o) (fls)
arch/libarch.a(mmu.o)         kernel/libkernel.a(main.o) (init_mmu)
/home/ilovelinux/gcc/gcc_tool/bin/../lib/gcc/arm-elf/4.4.3/libgcc.a(_udivsi3.o)
                              arch/libarch.a(printf.o) (__udivsi3)
/home/ilovelinux/gcc/gcc_tool/bin/../lib/gcc/arm-elf/4.4.3/libgcc.a(_umodsi3.o)
                              arch/libarch.a(printf.o) (__umodsi3)
/home/ilovelinux/gcc/gcc_tool/bin/../lib/gcc/arm-elf/4.4.3/libgcc.a(_dvmd_tls.o)
                              /home/ilovelinux/gcc/gcc_tool/bin/../lib/gcc/arm-elf/4.4.3/libgcc.a(_udivsi3.o) (__div0)

Allocating common symbols
Common symbol       size              file

page_table_end      0x4               arch/libarch.a(mmu.o)
kernel_free_start   0x4               kernel/page.o
list_groups         0x78              kernel/libkernel.a(main.o)
ava_page_num        0x4               kernel/page.o
irq_descs           0x300             arch/int_control.o
ttb_page_entry      0x4               arch/libarch.a(mmu.o)
coarse_page_entry   0x4               arch/libarch.a(mmu.o)
kernel_page_end     0x4               kernel/page.o
kernel_free_end     0x4               kernel/page.o
irq_act             0xc               arch/int_control.o
kernel_page_start   0x4               kernel/page.o
page_set            0x4               kernel/page.o

Memory Configuration

Name             Origin             Length             Attributes
*default*        0x00000000         0xffffffff

Linker script and memory map

                0x30000000                . = 0x30000000

.text           0x30000000     0x5aa8
 *(.vector)
 .vector        0x30000000       0x40 arch/start.o
                0x30000000                _start
                0x30001000                . = ALIGN (0x1000)
 *fill*         0x30000040      0xfc0 00
 arch/start.o(.text)
 .text          0x30001000      0x1bc arch/start.o
                0x30001118                __sched_in_irq
 *(.text)
 .text          0x300011bc      0x480 arch/int_control.o
                0x3000132c                ack_int
                0x300013a0                read_int
                0x30001420                enable_int
                0x3000148c                disable_int
                0x300014f4                request_irq
 .text          0x3000163c      0x1f8 arch/timer.o
                0x300016a8                init_sys_timer
 .text          0x30001834      0xf88 kernel/page.o
                0x300019ac                get_page_by_phyaddr
                0x30001aac                get_phyaddr_by_page
                0x300020d4                __free_pages
                0x30002160                free_pages
                0x3000219c                __alloc_page
                0x300021c4                alloc_pages
                0x30002224                get_buddy_info_by_order
                0x30002368                test_buddy
 .text          0x300027bc      0x224 arch/libarch.a(exception.o)
                0x300027bc                debug_exception
                0x30002868                do_irq
                0x30002980                debug
                0x30002998                swi_exception
                0x300029c0                kernel_disable_irq
                0x300029d0                kernel_enable_irq
 .text          0x300029e0      0xf8c arch/libarch.a(printf.o)
                0x300029e0                putc
                0x30002a1c                puts
                0x30002a64                putc_raw
                0x30002aa0                puts_raw
                0x30002ae8                raise
                0x300038b4                printf
                0x30003910                printf_raw
 .text          0x3000396c       0x48 arch/libarch.a(entry.o)
                0x3000396c                __get_cp15_control
                0x30003974                __set_cp15_control
                0x3000397c                __set_ttb_reg
                0x30003984                __set_domain_reg
                0x3000398c                __enable_int
                0x3000399c                __disable_int
                0x300039ac                get_cpsr
 .text          0x300039b4      0x52c kernel/libkernel.a(main.o)
                0x30003d3c                task1
                0x30003d5c                task2
                0x30003d7c                delay
                0x30003dc4                test_process
                0x30003df8                start_kernel
 .text          0x30003ee0      0xd54 kernel/libkernel.a(slab.o)
                0x30004330                kmem_cache_create
                0x300044a0                kmem_cache_alloc
                0x30004638                kmem_cache_free
                0x300046b4                kmem_cache_destroy
                0x3000491c                init_kmem_cache
                0x30004b14                kmalloc
                0x30004b84                kfree
 .text          0x30004c34      0x428 kernel/libkernel.a(task.o)
                0x30004c34                current_thread_info
                0x30004c58                copy_thread_info
                0x30004c9c                init_task_entry
                0x30004cec                set_init_task
                0x30004e20                task_init
                0x30004e38                do_tsk
                0x30004eb8                do_fork
                0x3000501c                __common_schedule
 .text          0x3000505c      0x18c lib/lib.a(string.o)
                0x3000505c                strnlen
                0x300050dc                memcpy
                0x3000516c                memset
 .text          0x300051e8      0x108 lib/lib.a(bitops.o)
                0x300051e8                fls
 .text          0x300052f0      0x5d8 arch/libarch.a(mmu.o)
                0x300052f0                alloc_page_table
                0x3000536c                build_section
                0x3000558c                build_small_page_tbl
                0x30005660                build_small_pages
                0x3000570c                init_mmu
 .text          0x300058c8      0x110 /home/ilovelinux/gcc/gcc_tool/bin/../lib/gcc/arm-elf/4.4.3/libgcc.a(_udivsi3.o)
                0x300058c8                __udivsi3
                0x300058c8                __aeabi_uidiv
                0x300059c0                __aeabi_uidivmod
 .text          0x300059d8       0xcc /home/ilovelinux/gcc/gcc_tool/bin/../lib/gcc/arm-elf/4.4.3/libgcc.a(_umodsi3.o)
                0x300059d8                __umodsi3
 .text          0x30005aa4        0x4 /home/ilovelinux/gcc/gcc_tool/bin/../lib/gcc/arm-elf/4.4.3/libgcc.a(_dvmd_tls.o)
                0x30005aa4                __aeabi_ldiv0
                0x30005aa4                __div0
                0x30005aa4                __aeabi_idiv0

.rodata         0x30005aa8      0x78c
 .rodata        0x30005aa8       0x64 arch/int_control.o
 .rodata        0x30005b0c       0x64 arch/timer.o
 .rodata        0x30005b70      0x2e8 kernel/page.o
 .rodata        0x30005e58       0xe0 arch/libarch.a(exception.o)
 .rodata        0x30005f38       0x58 arch/libarch.a(printf.o)
 .rodata        0x30005f90       0xb8 kernel/libkernel.a(main.o)
 .rodata        0x30006048       0xd4 kernel/libkernel.a(slab.o)
 .rodata        0x3000611c       0x60 kernel/libkernel.a(task.o)
 .rodata        0x3000617c       0xb8 arch/libarch.a(mmu.o)

.glue_7         0x30006234        0x0
 .glue_7        0x00000000        0x0 linker stubs

.glue_7t        0x30006234        0x0
 .glue_7t       0x00000000        0x0 linker stubs

.vfp11_veneer   0x30006234        0x0
 .vfp11_veneer  0x00000000        0x0 linker stubs

.v4_bx          0x30006234        0x0
 .v4_bx         0x00000000        0x0 linker stubs
                0x30006240                . = ALIGN (0x20)

.init.text
 *(.init.text)
                0x30006240                __init_start_arch = .

.initcall_arch  0x30006240        0x4
 *(.initcall_arch)
 .initcall_arch
                0x30006240        0x4 arch/int_control.o
                0x30006244                __init_end_arch = .
                0x30006244                __init_start_subsys = .

.initcall_subsys
                0x30006244        0x4
 *(.initcall_subsys)
 .initcall_subsys
                0x30006244        0x4 kernel/page.o
                0x30006248                __init_end_subsys = .
                0x30006260                . = ALIGN (0x20)

.data           0x30006260       0x10
 *(.data)
 .data          0x30006260        0x0 arch/start.o
 .data          0x30006260        0x0 arch/int_control.o
 .data          0x30006260        0x0 arch/timer.o
 .data          0x30006260        0x0 kernel/page.o
 .data          0x30006260        0x0 arch/libarch.a(exception.o)
 .data          0x30006260        0x0 arch/libarch.a(printf.o)
 .data          0x30006260        0x0 arch/libarch.a(entry.o)
 .data          0x30006260        0x8 kernel/libkernel.a(main.o)
                0x30006260                list_group_head
 .data          0x30006268        0x4 kernel/libkernel.a(slab.o)
 .data          0x3000626c        0x4 kernel/libkernel.a(task.o)
                0x3000626c                task_stack_base
 .data          0x30006270        0x0 lib/lib.a(string.o)
 .data          0x30006270        0x0 lib/lib.a(bitops.o)
 .data          0x30006270        0x0 arch/libarch.a(mmu.o)
 .data          0x30006270        0x0 /home/ilovelinux/gcc/gcc_tool/bin/../lib/gcc/arm-elf/4.4.3/libgcc.a(_udivsi3.o)
 .data          0x30006270        0x0 /home/ilovelinux/gcc/gcc_tool/bin/../lib/gcc/arm-elf/4.4.3/libgcc.a(_umodsi3.o)
 .data          0x30006270        0x0 /home/ilovelinux/gcc/gcc_tool/bin/../lib/gcc/arm-elf/4.4.3/libgcc.a(_dvmd_tls.o)
                0x30006280                . = ALIGN (0x20)
                0x30006280                __bss_start__ = .

.bss            0x30006280      0x5bc
 *(.bss)
 .bss           0x30006280        0x0 arch/start.o
 .bss           0x30006280        0x0 arch/int_control.o
 .bss           0x30006280        0x8 arch/timer.o
 .bss           0x30006288       0x6c kernel/page.o
 .bss           0x300062f4        0x0 arch/libarch.a(exception.o)
 .bss           0x300062f4        0x0 arch/libarch.a(printf.o)
 .bss           0x300062f4        0x0 arch/libarch.a(entry.o)
 .bss           0x300062f4        0x0 kernel/libkernel.a(main.o)
 .bss           0x300062f4      0x198 kernel/libkernel.a(slab.o)
 .bss           0x3000648c        0x8 kernel/libkernel.a(task.o)
 .bss           0x30006494        0x0 lib/lib.a(string.o)
 .bss           0x30006494        0x0 lib/lib.a(bitops.o)
 .bss           0x30006494        0x0 arch/libarch.a(mmu.o)
 .bss           0x30006494        0x0 /home/ilovelinux/gcc/gcc_tool/bin/../lib/gcc/arm-elf/4.4.3/libgcc.a(_udivsi3.o)
 .bss           0x30006494        0x0 /home/ilovelinux/gcc/gcc_tool/bin/../lib/gcc/arm-elf/4.4.3/libgcc.a(_umodsi3.o)
 .bss           0x30006494        0x0 /home/ilovelinux/gcc/gcc_tool/bin/../lib/gcc/arm-elf/4.4.3/libgcc.a(_dvmd_tls.o)
 COMMON         0x30006494      0x30c arch/int_control.o
                0x30006494                irq_descs
                0x30006794                irq_act
 COMMON         0x300067a0       0x18 kernel/page.o
                0x300067a0                kernel_free_start
                0x300067a4                ava_page_num
                0x300067a8                kernel_page_end
                0x300067ac                kernel_free_end
                0x300067b0                kernel_page_start
                0x300067b4                page_set
 COMMON         0x300067b8       0x78 kernel/libkernel.a(main.o)
                0x300067b8                list_groups
 COMMON         0x30006830        0xc arch/libarch.a(mmu.o)
                0x30006830                page_table_end
                0x30006834                ttb_page_entry
                0x30006838                coarse_page_entry
                0x3000683c                __bss_end__ = .
LOAD arch/start.o
LOAD arch/int_control.o
LOAD arch/timer.o
LOAD kernel/page.o
START GROUP
LOAD arch/libarch.a
LOAD kernel/libkernel.a
LOAD lib/lib.a
END GROUP
LOAD /home/ilovelinux/gcc/gcc_tool/bin/../lib/gcc/arm-elf/4.4.3/libgcc.a
OUTPUT(main.elf elf32-littlearm)

.ARM.attributes
                0x00000000       0x10
 .ARM.attributes
                0x00000000       0x10 arch/start.o
 .ARM.attributes
                0x00000010       0x10 arch/int_control.o
 .ARM.attributes
                0x00000020       0x10 arch/timer.o
 .ARM.attributes
                0x00000030       0x10 kernel/page.o
 .ARM.attributes
                0x00000040       0x10 arch/libarch.a(exception.o)
 .ARM.attributes
                0x00000050       0x10 arch/libarch.a(printf.o)
 .ARM.attributes
                0x00000060       0x10 arch/libarch.a(entry.o)
 .ARM.attributes
                0x00000070       0x10 kernel/libkernel.a(main.o)
 .ARM.attributes
                0x00000080       0x10 kernel/libkernel.a(slab.o)
 .ARM.attributes
                0x00000090       0x10 kernel/libkernel.a(task.o)
 .ARM.attributes
                0x000000a0       0x10 lib/lib.a(string.o)
 .ARM.attributes
                0x000000b0       0x10 lib/lib.a(bitops.o)
 .ARM.attributes
                0x000000c0       0x10 arch/libarch.a(mmu.o)
 .ARM.attributes
                0x000000d0       0x10 /home/ilovelinux/gcc/gcc_tool/bin/../lib/gcc/arm-elf/4.4.3/libgcc.a(_udivsi3.o)
 .ARM.attributes
                0x000000e0       0x10 /home/ilovelinux/gcc/gcc_tool/bin/../lib/gcc/arm-elf/4.4.3/libgcc.a(_umodsi3.o)
 .ARM.attributes
                0x000000f0       0x10 /home/ilovelinux/gcc/gcc_tool/bin/../lib/gcc/arm-elf/4.4.3/libgcc.a(_dvmd_tls.o)

.comment        0x00000000       0x11
 .comment       0x00000000       0x11 arch/int_control.o
                                 0x12 (size before relaxing)
 .comment       0x00000000       0x12 arch/timer.o
 .comment       0x00000000       0x12 kernel/page.o
 .comment       0x00000000       0x12 arch/libarch.a(exception.o)
 .comment       0x00000000       0x12 arch/libarch.a(printf.o)
 .comment       0x00000000       0x12 kernel/libkernel.a(main.o)
 .comment       0x00000000       0x12 kernel/libkernel.a(slab.o)
 .comment       0x00000000       0x12 kernel/libkernel.a(task.o)
 .comment       0x00000000       0x12 lib/lib.a(string.o)
 .comment       0x00000000       0x12 lib/lib.a(bitops.o)
 .comment       0x00000000       0x12 arch/libarch.a(mmu.o)

.debug_frame    0x00000000       0x50
 .debug_frame   0x00000000       0x28 /home/ilovelinux/gcc/gcc_tool/bin/../lib/gcc/arm-elf/4.4.3/libgcc.a(_udivsi3.o)
 .debug_frame   0x00000028       0x28 /home/ilovelinux/gcc/gcc_tool/bin/../lib/gcc/arm-elf/4.4.3/libgcc.a(_umodsi3.o)

.debug_line     0x00000000      0x17f
 .debug_line    0x00000000       0x96 /home/ilovelinux/gcc/gcc_tool/bin/../lib/gcc/arm-elf/4.4.3/libgcc.a(_udivsi3.o)
 .debug_line    0x00000096       0x7f /home/ilovelinux/gcc/gcc_tool/bin/../lib/gcc/arm-elf/4.4.3/libgcc.a(_umodsi3.o)
 .debug_line    0x00000115       0x6a /home/ilovelinux/gcc/gcc_tool/bin/../lib/gcc/arm-elf/4.4.3/libgcc.a(_dvmd_tls.o)

.debug_info     0x00000000      0x1b0
 .debug_info    0x00000000       0x90 /home/ilovelinux/gcc/gcc_tool/bin/../lib/gcc/arm-elf/4.4.3/libgcc.a(_udivsi3.o)
 .debug_info    0x00000090       0x90 /home/ilovelinux/gcc/gcc_tool/bin/../lib/gcc/arm-elf/4.4.3/libgcc.a(_umodsi3.o)
 .debug_info    0x00000120       0x90 /home/ilovelinux/gcc/gcc_tool/bin/../lib/gcc/arm-elf/4.4.3/libgcc.a(_dvmd_tls.o)

.debug_abbrev   0x00000000       0x3c
 .debug_abbrev  0x00000000       0x14 /home/ilovelinux/gcc/gcc_tool/bin/../lib/gcc/arm-elf/4.4.3/libgcc.a(_udivsi3.o)
 .debug_abbrev  0x00000014       0x14 /home/ilovelinux/gcc/gcc_tool/bin/../lib/gcc/arm-elf/4.4.3/libgcc.a(_umodsi3.o)
 .debug_abbrev  0x00000028       0x14 /home/ilovelinux/gcc/gcc_tool/bin/../lib/gcc/arm-elf/4.4.3/libgcc.a(_dvmd_tls.o)

.debug_aranges  0x00000000       0x60
 .debug_aranges
                0x00000000       0x20 /home/ilovelinux/gcc/gcc_tool/bin/../lib/gcc/arm-elf/4.4.3/libgcc.a(_udivsi3.o)
 .debug_aranges
                0x00000020       0x20 /home/ilovelinux/gcc/gcc_tool/bin/../lib/gcc/arm-elf/4.4.3/libgcc.a(_umodsi3.o)
 .debug_aranges
                0x00000040       0x20 /home/ilovelinux/gcc/gcc_tool/bin/../lib/gcc/arm-elf/4.4.3/libgcc.a(_dvmd_tls.o)
